// Jest Snapshot v1, https://goo.gl/fbAQLP

exports[`# GuestwareSoapClient Request Generation should generate a valid read request 1`] = `
Object {
  "raw": Array [
    "<soapenv:Envelope xmlns:soapenv=\\"http://schemas.xmlsoap.org/soap/envelope/\\" xmlns:web=\\"http://webservices.guestware.com/\\">",
    "<soapenv:Header>",
    "<web:TestAppId>",
    "<web:UserName>TestUsername</web:UserName>",
    "<web:PassWord>TestPassword</web:PassWord>",
    "<web:ApplicationName>TestAppName</web:ApplicationName>",
    "<web:VersionNumber>TestVersionNumber</web:VersionNumber>",
    "</web:TestAppId>",
    "</soapenv:Header>",
    "<soapenv:Body>",
    "<web:ReadTestRequestMethod>",
    "<web:parintExampleArgument>",
    1,
    "</web:parintExampleArgument>",
    "</web:ReadTestRequestMethod>",
    "</soapenv:Body>",
    "</soapenv:Envelope>",
  ],
  "string": "<soapenv:Envelope xmlns:soapenv=\\"http://schemas.xmlsoap.org/soap/envelope/\\" xmlns:web=\\"http://webservices.guestware.com/\\"><soapenv:Header><web:TestAppId><web:UserName>TestUsername</web:UserName><web:PassWord>TestPassword</web:PassWord><web:ApplicationName>TestAppName</web:ApplicationName><web:VersionNumber>TestVersionNumber</web:VersionNumber></web:TestAppId></soapenv:Header><soapenv:Body><web:ReadTestRequestMethod><web:parintExampleArgument>1</web:parintExampleArgument></web:ReadTestRequestMethod></soapenv:Body></soapenv:Envelope>",
}
`;

exports[`# GuestwareSoapClient Request Generation should generate a valid read request footer 1`] = `
Array [
  "</soapenv:Body>",
  "</soapenv:Envelope>",
]
`;

exports[`# GuestwareSoapClient Request Generation should generate a valid read request header 1`] = `
Array [
  "<soapenv:Envelope xmlns:soapenv=\\"http://schemas.xmlsoap.org/soap/envelope/\\" xmlns:web=\\"http://webservices.guestware.com/\\">",
  "<soapenv:Header>",
  "<web:TestAppId>",
  "<web:UserName>TestUsername</web:UserName>",
  "<web:PassWord>TestPassword</web:PassWord>",
  "<web:ApplicationName>TestAppName</web:ApplicationName>",
  "<web:VersionNumber>TestVersionNumber</web:VersionNumber>",
  "</web:TestAppId>",
  "</soapenv:Header>",
  "<soapenv:Body>",
]
`;

exports[`# GuestwareSoapClient Request Generation should generate a valid update request 1`] = `
Object {
  "raw": Array [
    "<?xml version=\\"1.0\\" encoding=\\"UTF-8\\"?>",
    "<soap:Envelope xmlns:soap=\\"http://schemas.xmlsoap.org/soap/envelope/\\" xmlns:xsd=\\"http://www.w3.org/2001/XMLSchema\\" xmlns:xsi=\\"http://www.w3.org/2001/XMLSchema-instance\\">",
    "<soap:Header>",
    "<TestAppId xmlns=\\"http://webservices.guestware.com/\\">",
    "<UserName>TestUsername</UserName>",
    "<PassWord>TestPassword</PassWord>",
    "</TestAppId>",
    "</soap:Header>",
    "<soap:Body>",
    "<UpdateTestRequestMethod xmlns=\\"http://webservices.guestware.com/\\">",
    "<pardstTestComplexType xmlns:msdata=\\"urn:schemas-microsoft-com:xml-msdata\\" msdata:SchemaSerializationMode=\\"ExcludeSchema\\">",
    "<xs:schema xmlns:xs=\\"http://www.w3.org/2001/XMLSchema\\" xmlns=\\"http://webservices.guestware.com/dstGST.xsd\\" xmlns:msprop=\\"urn:schemas-microsoft-com:xml-msprop\\" xmlns:mstns=\\"http://webservices.guestware.com/dstGST.xsd\\" id=\\"dstGST\\" targetNamespace=\\"http://webservices.guestware.com/dstGST.xsd\\" attributeFormDefault=\\"qualified\\" elementFormDefault=\\"qualified\\">",
    "<xs:element name=\\"dstGST\\" msdata:IsDataSet=\\"true\\" msdata:UseCurrentLocale=\\"true\\">",
    "<xs:complexType>",
    "<xs:choice minOccurs=\\"0\\" maxOccurs=\\"unbounded\\"/>",
    "</xs:complexType>",
    "</xs:element>",
    "</xs:schema>",
    "<diffgr:diffgram xmlns:diffgr=\\"urn:schemas-microsoft-com:xml-diffgram-v1\\">",
    "<dstGST xmlns=\\"http://webservices.guestware.com/dstGST.xsd\\">",
    "<TEST_ELEMENT diffgr:id=\\"TEST_ELEMENT1\\" msdata:rowOrder=\\"0\\" diffgr:hasChanges=\\"modified\\">",
    "<ExampleAttribute>ExampleValue</ExampleAttribute>",
    "<TestAttribute>1</TestAttribute>",
    "</TEST_ELEMENT>",
    "</dstGST>",
    "<diffgr:before>",
    "<TEST_ELEMENT diffgr:id=\\"TEST_ELEMENT1\\" msdata:rowOrder=\\"0\\">",
    "<ExampleAttribute>ExampleValue</ExampleAttribute>",
    "<TestAttribute>1</TestAttribute>",
    "</TEST_ELEMENT>",
    "</diffgr:before>",
    "</diffgr:diffgram>",
    "</pardstTestComplexType>",
    "</UpdateTestRequestMethod>",
    "</soap:Body>",
    "</soap:Envelope>",
  ],
  "string": "<?xml version=\\"1.0\\" encoding=\\"UTF-8\\"?><soap:Envelope xmlns:soap=\\"http://schemas.xmlsoap.org/soap/envelope/\\" xmlns:xsd=\\"http://www.w3.org/2001/XMLSchema\\" xmlns:xsi=\\"http://www.w3.org/2001/XMLSchema-instance\\"><soap:Header><TestAppId xmlns=\\"http://webservices.guestware.com/\\"><UserName>TestUsername</UserName><PassWord>TestPassword</PassWord></TestAppId></soap:Header><soap:Body><UpdateTestRequestMethod xmlns=\\"http://webservices.guestware.com/\\"><pardstTestComplexType xmlns:msdata=\\"urn:schemas-microsoft-com:xml-msdata\\" msdata:SchemaSerializationMode=\\"ExcludeSchema\\"><xs:schema xmlns:xs=\\"http://www.w3.org/2001/XMLSchema\\" xmlns=\\"http://webservices.guestware.com/dstGST.xsd\\" xmlns:msprop=\\"urn:schemas-microsoft-com:xml-msprop\\" xmlns:mstns=\\"http://webservices.guestware.com/dstGST.xsd\\" id=\\"dstGST\\" targetNamespace=\\"http://webservices.guestware.com/dstGST.xsd\\" attributeFormDefault=\\"qualified\\" elementFormDefault=\\"qualified\\"><xs:element name=\\"dstGST\\" msdata:IsDataSet=\\"true\\" msdata:UseCurrentLocale=\\"true\\"><xs:complexType><xs:choice minOccurs=\\"0\\" maxOccurs=\\"unbounded\\"/></xs:complexType></xs:element></xs:schema><diffgr:diffgram xmlns:diffgr=\\"urn:schemas-microsoft-com:xml-diffgram-v1\\"><dstGST xmlns=\\"http://webservices.guestware.com/dstGST.xsd\\"><TEST_ELEMENT diffgr:id=\\"TEST_ELEMENT1\\" msdata:rowOrder=\\"0\\" diffgr:hasChanges=\\"modified\\"><ExampleAttribute>ExampleValue</ExampleAttribute><TestAttribute>1</TestAttribute></TEST_ELEMENT></dstGST><diffgr:before><TEST_ELEMENT diffgr:id=\\"TEST_ELEMENT1\\" msdata:rowOrder=\\"0\\"><ExampleAttribute>ExampleValue</ExampleAttribute><TestAttribute>1</TestAttribute></TEST_ELEMENT></diffgr:before></diffgr:diffgram></pardstTestComplexType></UpdateTestRequestMethod></soap:Body></soap:Envelope>",
}
`;

exports[`# GuestwareSoapClient Request Generation should generate a valid update request footer 1`] = `
Array [
  "</soap:Body>",
  "</soap:Envelope>",
]
`;

exports[`# GuestwareSoapClient Request Generation should generate a valid update request header 1`] = `
Array [
  "<?xml version=\\"1.0\\" encoding=\\"UTF-8\\"?>",
  "<soap:Envelope xmlns:soap=\\"http://schemas.xmlsoap.org/soap/envelope/\\" xmlns:xsd=\\"http://www.w3.org/2001/XMLSchema\\" xmlns:xsi=\\"http://www.w3.org/2001/XMLSchema-instance\\">",
  "<soap:Header>",
  "<TestAppId xmlns=\\"http://webservices.guestware.com/\\">",
  "<UserName>TestUsername</UserName>",
  "<PassWord>TestPassword</PassWord>",
  "</TestAppId>",
  "</soap:Header>",
  "<soap:Body>",
]
`;

exports[`# GuestwareSoapClient Response should return a response from a valid read request 1`] = `"<?xml version=\\"1.0\\" encoding=\\"utf-8\\"?><soap:Envelope xmlns:soap=\\"http://schemas.xmlsoap.org/soap/envelope/\\" xmlns:xsi=\\"http://www.w3.org/2001/XMLSchema-instance\\" xmlns:xsd=\\"http://www.w3.org/2001/XMLSchema\\"><soap:Body><ReadGuestLoginResponse xmlns=\\"http://webservices.guestware.com/\\"><ReadGuestLoginResult msdata:SchemaSerializationMode=\\"ExcludeSchema\\" xmlns:msdata=\\"urn:schemas-microsoft-com:xml-msdata\\"><xs:schema id=\\"dstGST\\" targetNamespace=\\"http://webservices.guestware.com/dstGST.xsd\\" xmlns:mstns=\\"http://webservices.guestware.com/dstGST.xsd\\" xmlns=\\"http://webservices.guestware.com/dstGST.xsd\\" xmlns:xs=\\"http://www.w3.org/2001/XMLSchema\\" xmlns:msdata=\\"urn:schemas-microsoft-com:xml-msdata\\" xmlns:msprop=\\"urn:schemas-microsoft-com:xml-msprop\\" attributeFormDefault=\\"qualified\\" elementFormDefault=\\"qualified\\"><xs:element name=\\"dstGST\\" msdata:IsDataSet=\\"true\\" msdata:UseCurrentLocale=\\"true\\"><xs:complexType><xs:choice minOccurs=\\"0\\" maxOccurs=\\"unbounded\\" /></xs:complexType></xs:element></xs:schema><diffgr:diffgram xmlns:msdata=\\"urn:schemas-microsoft-com:xml-msdata\\" xmlns:diffgr=\\"urn:schemas-microsoft-com:xml-diffgram-v1\\"><dstGST xmlns=\\"http://webservices.guestware.com/dstGST.xsd\\"><GUEST_LOGIN diffgr:id=\\"GUEST_LOGIN1\\" msdata:rowOrder=\\"0\\"><GuestID>0</GuestID><GuestLoginID>email@example.com</GuestLoginID><GuestLoginPassword>supersecurepassword</GuestLoginPassword><CultureID>en</CultureID><LogActivity>false</LogActivity><DisableLogin>false</DisableLogin><EntryDate>2017-07-23T20:59:41.481Z</EntryDate><EntryBy>GWAdminAccountName</EntryBy><LastEditDate>2017-07-23T20:59:41.481Z</LastEditDate><LastEditBy>GWAdminAccountName</LastEditBy></GUEST_LOGIN></dstGST></diffgr:diffgram></ReadGuestLoginResult></ReadGuestLoginResponse></soap:Body></soap:Envelope>"`;
